{
  "errors": [
    {
      "message": "InstitutionConnection {InstitutionConnectionId} not found",
      "locations": [
        {
          "line": 3,
          "column": 3
        }
      ],
      "path": [
        "institutionConnection",
        "refreshId"
      ],
      "extensions": {
        "code": "BAD_REQUEST",
        "timestamp": "2023-12-09T16:22:31.958+01:00",
        "severity": "CRITICAL",
        "metaData": {
          "InstitutionConnectionId": "59a35c45-6e8d-4dc7-bacc-f151f94da93d"
        }
      }
    }
  ],
  "data": {
    "institutionConnection": {
      "refreshId": null
    }
  }
}
