{
  "errors": [
    {
      "message": "Institution {InstitutionId} not found",
      "locations": [
        {
          "line": 3,
          "column": 9
        }
      ],
      "path": [
        "institutionConnection",
        "create"
      ],
      "extensions": {
        "code": "BAD_REQUEST",
        "timestamp": "2023-12-09T16:14:59.272+01:00",
        "severity": "CRITICAL",
        "metaData": {
          "InstitutionId": "8665f9d8-fa7b-497d-b6c5-40fd7e68aefc"
        }
      }
    }
  ],
  "data": {
    "institutionConnection": {
      "create": null
    }
  }
}
