{
  "errors": [
    {
      "message": "InstitutionConnection {ExternalConnectionId} not found",
      "locations": [
        {
          "line": 3,
          "column": 3
        }
      ],
      "path": [
        "institutionConnection",
        "refreshExternalId"
      ],
      "extensions": {
        "code": "BAD_REQUEST",
        "timestamp": "2023-12-09T16:22:32.184+01:00",
        "severity": "CRITICAL",
        "metaData": {
          "ExternalConnectionId": "SomeExternalIdMissing"
        }
      }
    }
  ],
  "data": {
    "institutionConnection": {
      "refreshExternalId": null
    }
  }
}
