{
  "errors": [
    {
      "message": "Connection not found",
      "locations": [
        {
          "line": 4,
          "column": 4
        }
      ],
      "path": [
        "institutionConnection",
        "refresh",
        "id"
      ],
      "extensions": {
        "code": "BAD_REQUEST",
        "timestamp": "2023-09-18T20:09:25.172+02:00",
        "severity": "CRITICAL"
      }
    }
  ],
  "data": {
    "institutionConnection": {
      "refresh": {
        "id": null
      }
    }
  }
}
