{
  "data": {
    "institutionConnection": {
      "list": {
        "items": [
          {
            "externalId": "SomeExternalId-organisation-match-0"
          },
          {
            "externalId": "SomeExternalId-organisation-list-0"
          },
          {
            "externalId": "SomeExternalId-organisation-list-1"
          },
          {
            "externalId": "SomeExternalId-organisation-list-2"
          },
          {
            "externalId": "SomeExternalId-organisation-list-3"
          },
          {
            "externalId": "SomeExternalId-organisation-list-4"
          },
          {
            "externalId": "SomeExternalId-organisation-list-5"
          },
          {
            "externalId": "SomeExternalId-organisation-list-6"
          },
          {
            "externalId": "SomeExternalId-organisation-list-7"
          },
          {
            "externalId": "SomeExternalId-organisation-list-8"
          },
          {
            "externalId": "SomeExternalId-organisation-list-9"
          },
          {
            "externalId": "SomeExternalId-organisation-list-10"
          },
          {
            "externalId": "SomeExternalId-organisation-list-11"
          },
          {
            "externalId": "SomeExternalId-organisation-list-12"
          },
          {
            "externalId": "SomeExternalId-organisation-list-13"
          },
          {
            "externalId": "SomeExternalId-organisation-list-14"
          },
          {
            "externalId": "SomeExternalId-organisation-list-15"
          },
          {
            "externalId": "SomeExternalId-organisation-list-16"
          },
          {
            "externalId": "SomeExternalId-organisation-list-17"
          },
          {
            "externalId": "SomeExternalId-organisation-list-18"
          },
          {
            "externalId": "SomeExternalId-organisation-list-19"
          },
          {
            "externalId": "SomeExternalId-organisation-list-20"
          },
          {
            "externalId": "SomeExternalId-organisation-list-21"
          },
          {
            "externalId": "SomeExternalId-organisation-list-22"
          },
          {
            "externalId": "SomeExternalId-organisation-list-23"
          }
        ],
        "totalCount": 31
      }
    }
  }
}
